
---Analyzing the results---

Throughput -->
{'hycube_original_6x6_torus': 970, 'heterogeneous_CGRA_network_config_0': 895.6666667, 'heterogeneous_CGRA_compute_L_network_config_0': 635.3333333, 'heterogeneous_CGRA_compute_L_network_config_1': 747, 'heterogeneous_CGRA_compute_L_0': 929, 'heterogeneous_CGRA_config_0': 970, 'heterogeneous_CGRA_compute_L_network_0': 841.6666667, 'heterogeneous_CGRA_compute_L_config_0': 929,'heterogeneous_CGRA_network_0': 871.8571429, 'heterogeneous_CGRA_compute_L_network_config_2': 895.6666667}
Power Efficiency -->
{'hycube_original_6x6_torus': 115.9094711, 'heterogeneous_CGRA_network_config_0': 168.6532221, 'heterogeneous_CGRA_compute_L_network_config_0': 125.8464594, 'heterogeneous_CGRA_compute_L_network_config_1': 145.9041369, 'heterogeneous_CGRA_compute_L_0': 114.969556, 'heterogeneous_CGRA_config_0': 165.3230617, 'heterogeneous_CGRA_compute_L_network_0': 114.2730424, 'heterogeneous_CGRA_compute_L_config_0': 162.2055768,'heterogeneous_CGRA_network_0': 115.7721813, 'heterogeneous_CGRA_compute_L_network_config_2': 176.3664957}
Area Efficiency -->
{'hycube_original_6x6_torus': 0.005138488, 'heterogeneous_CGRA_network_config_0': 0.006211194, 'heterogeneous_CGRA_compute_L_network_config_0': 0.005670767, 'heterogeneous_CGRA_compute_L_network_config_1': 0.006440694, 'heterogeneous_CGRA_compute_L_0': 0.005777599, 'heterogeneous_CGRA_config_0': 0.005916751, 'heterogeneous_CGRA_compute_L_network_0': 0.006174107, 'heterogeneous_CGRA_compute_L_config_0': 0.007669757,'heterogeneous_CGRA_network_0': 0.005322466, 'heterogeneous_CGRA_compute_L_network_config_2': 0.007673244}
---Pareto optimal designs---

---Optimal power efficiency---
heterogeneous_CGRA_compute_L_network_config_2
Throughput impact:7.7%

---Optimal area efficiency---
heterogeneous_CGRA_compute_L_network_config_2
Throughput impact:7.7%

